exports[`Suite for testing label component: renders a label as expected (matches the snapshot) 1`] = `
<Text
  accessible={true}
  allowFontScaling={true}
  ellipsizeMode="tail"
  onPress={[Function]}>
  Label
</Text>
`;
